<!DOCTYPE html>
<html lang="en">
  <head>
    <title>Test Foo</title>
  </head>
  <body>
    <link rel="stylesheet" type="text/css" href="base.css">
    <link rel="stylesheet" type="text/css" href="web/base.css">
    <script type="text/javascript">var lumbarLoadPrefix = 'web/';</script>
    <script type="text/javascript" src="web/base.js"></script>
  </body>
</html>
